Just [Packaging ["scalaz"],Import [["std","AllInstances","_"]],Import [["scalaz","scalacheck","ScalazProperties","_"]],Import [["Id","_"]],Import [["org","scalacheck","Prop","forAll"]],TmplDef (ObjectDef "IdTest" (TemplateBody [TemplateStatExpr (ApplyExpr (IdentExpr "checkAll") [TypeApplyExpr (SelectExpr (IdentExpr "monad") "laws") [TypeRef ["Id"]]]),TemplateStatExpr (ApplyExpr (IdentExpr "checkAll") [TypeApplyExpr (SelectExpr (IdentExpr "traverse") "laws") [TypeRef ["Id"]]]),TemplateStatExpr (ApplyExpr (IdentExpr "checkAll") [TypeApplyExpr (SelectExpr (IdentExpr "zip") "laws") [TypeRef ["Id"]]]),TemplateStatExpr (ApplyExpr (IdentExpr "checkAll") [TypeApplyExpr (SelectExpr (IdentExpr "align") "laws") [TypeRef ["Id"]]]),TemplateStatExpr (ApplyExpr (IdentExpr "checkAll") [TypeApplyExpr (SelectExpr (IdentExpr "comonad") "laws") [TypeRef ["Id"]]])]))]